** Drc report for pc817-perfboard-v2-minwire.kicad_pcb **
** Created on 2026-08-10T20:37:00 **
** Report includes: Errors, Warnings **

** Found 70 DRC violations **
[text_height]: Text height out of range (board setup constraints silk text height min height 0.8000 mm; actual 0.6300 mm)
    Rule: board setup constraints silk text height; warning
    @(20.0800 mm, 21.4500 mm): PCB text 'U3 ROTATED 180° • J2.3 = GP28' on f.silkscreen
[text_height]: Text height out of range (board setup constraints silk text height min height 0.8000 mm; actual 0.7500 mm)
    Rule: board setup constraints silk text height; warning
    @(3.5700 mm, 3.1750 mm): Reference field of J1
[text_height]: Text height out of range (board setup constraints silk text height min height 0.8000 mm; actual 0.7500 mm)
    Rule: board setup constraints silk text height; warning
    @(36.5900 mm, 3.1750 mm): Reference field of J2
[text_height]: Text height out of range (board setup constraints silk text height min height 0.8000 mm; actual 0.7500 mm)
    Rule: board setup constraints silk text height; warning
    @(20.0800 mm, 6.0750 mm): Reference field of U1
[text_height]: Text height out of range (board setup constraints silk text height min height 0.8000 mm; actual 0.7500 mm)
    Rule: board setup constraints silk text height; warning
    @(20.0800 mm, 11.1550 mm): Reference field of U2
[text_height]: Text height out of range (board setup constraints silk text height min height 0.8000 mm; actual 0.7500 mm)
    Rule: board setup constraints silk text height; warning
    @(20.0800 mm, 16.5750 mm): Reference field of U3
[text_height]: Text height out of range (board setup constraints silk text height min height 0.8000 mm; actual 0.7000 mm)
    Rule: board setup constraints silk text height; warning
    @(27.7000 mm, 4.9750 mm): Reference field of C1
[text_height]: Text height out of range (board setup constraints silk text height min height 0.8000 mm; actual 0.7000 mm)
    Rule: board setup constraints silk text height; warning
    @(27.7000 mm, 10.0550 mm): Reference field of C2
[text_height]: Text height out of range (board setup constraints silk text height min height 0.8000 mm; actual 0.6500 mm)
    Rule: board setup constraints silk text height; warning
    @(35.6200 mm, 1.8000 mm): Reference field of H1
[text_height]: Text height out of range (board setup constraints silk text height min height 0.8000 mm; actual 0.6500 mm)
    Rule: board setup constraints silk text height; warning
    @(35.6200 mm, 20.8500 mm): Reference field of H2
[silk_overlap]: Silkscreen clearance
    Rule: board setup constraints silk; warning
    @(15.0200 mm, 8.8050 mm): Rectangle of U2 on f.silkscreen
    @(15.0200 mm, 3.7250 mm): Rectangle of U1 on f.silkscreen
[silk_overlap]: Silkscreen clearance
    Rule: board setup constraints silk; warning
    @(25.1800 mm, 4.0750 mm): Rectangle of C1 on f.silkscreen
    @(15.0200 mm, 3.7250 mm): Rectangle of U1 on f.silkscreen
[silk_overlap]: Silkscreen clearance
    Rule: board setup constraints silk; warning
    @(16.2700 mm, 8.3050 mm): Circle of U2 on f.silkscreen
    @(15.0200 mm, 3.7250 mm): Rectangle of U1 on f.silkscreen
[silk_overlap]: Silkscreen clearance
    Rule: board setup constraints silk; warning
    @(15.0200 mm, 3.7250 mm): Rectangle of U1 on f.silkscreen
    @(20.0800 mm, 8.7950 mm): Arc of U2 on f.silkscreen
[silk_overlap]: Silkscreen clearance
    Rule: board setup constraints silk; warning
    @(25.1800 mm, 4.0750 mm): Rectangle of C1 on f.silkscreen
    @(27.7000 mm, 4.9750 mm): Reference field of C1
[silk_overlap]: Silkscreen clearance
    Rule: board setup constraints silk; warning
    @(15.0200 mm, 8.8050 mm): Rectangle of U2 on f.silkscreen
    @(25.1400 mm, 18.9250 mm): Rectangle of U3 on f.silkscreen
[silk_overlap]: Silkscreen clearance
    Rule: board setup constraints silk; warning
    @(3.5700 mm, 3.1750 mm): Reference field of J1
    @(3.5700 mm, 3.2250 mm): Circle of J1 on f.silkscreen
[silk_overlap]: Silkscreen clearance
    Rule: board setup constraints silk; warning
    @(3.5700 mm, 3.1750 mm): Reference field of J1
    @(1.4200 mm, 3.6250 mm): Rectangle of J1 on f.silkscreen
[silk_overlap]: Silkscreen clearance
    Rule: board setup constraints silk; warning
    @(12.8300 mm, 5.5250 mm): Segment of D1 on f.silkscreen
    @(13.7300 mm, 6.2450 mm): Reference field of D1
[silk_overlap]: Silkscreen clearance
    Rule: board setup constraints silk; warning
    @(12.8300 mm, 10.6050 mm): Segment of D2 on f.silkscreen
    @(13.7300 mm, 11.3250 mm): Reference field of D2
[silk_overlap]: Silkscreen clearance
    Rule: board setup constraints silk; warning
    @(36.5900 mm, 3.2250 mm): Circle of J2 on f.silkscreen
    @(36.5900 mm, 3.1750 mm): Reference field of J2
[silk_overlap]: Silkscreen clearance
    Rule: board setup constraints silk; warning
    @(34.4400 mm, 3.6250 mm): Rectangle of J2 on f.silkscreen
    @(36.5900 mm, 3.1750 mm): Reference field of J2
[silk_overlap]: Silkscreen clearance
    Rule: board setup constraints silk; warning
    @(37.6200 mm, 1.8000 mm): Circle of H1 on f.silkscreen
    @(36.5900 mm, 3.1750 mm): Reference field of J2
[silk_overlap]: Silkscreen clearance
    Rule: board setup constraints silk; warning
    @(36.5900 mm, 3.2250 mm): Circle of J2 on f.silkscreen
    @(37.6200 mm, 1.8000 mm): Circle of H1 on f.silkscreen
[silk_overlap]: Silkscreen clearance
    Rule: board setup constraints silk; warning
    @(37.6200 mm, 1.8000 mm): Circle of H1 on f.silkscreen
    @(35.6200 mm, 1.8000 mm): Reference field of H1
[silk_overlap]: Silkscreen clearance
    Rule: board setup constraints silk; warning
    @(15.0200 mm, 8.8050 mm): Rectangle of U2 on f.silkscreen
    @(25.1800 mm, 9.1550 mm): Rectangle of C2 on f.silkscreen
[silk_overlap]: Silkscreen clearance
    Rule: board setup constraints silk; warning
    @(25.1800 mm, 9.1550 mm): Rectangle of C2 on f.silkscreen
    @(27.7000 mm, 10.0550 mm): Reference field of C2
[silk_overlap]: Silkscreen clearance
    Rule: board setup constraints silk; warning
    @(35.6200 mm, 20.8500 mm): Reference field of H2
    @(37.6200 mm, 20.8500 mm): Circle of H2 on f.silkscreen
[silk_over_copper]: Silkscreen clipped by solder mask
    Local override; warning
    @(16.2700 mm, 8.3050 mm): Circle of U2 on f.silkscreen
    @(16.2700 mm, 7.5150 mm): PTH pad 2 [ENA] of U1
[silk_over_copper]: Silkscreen clipped by solder mask
    Local override; warning
    @(27.7000 mm, 4.9750 mm): Reference field of C1
    @(26.4300 mm, 4.9750 mm): PTH pad 1 [GP29] of C1
[silk_over_copper]: Silkscreen clipped by solder mask
    Local override; warning
    @(27.7000 mm, 4.9750 mm): Reference field of C1
    @(28.9700 mm, 4.9750 mm): PTH pad 2 [GP29] of R3
[silk_over_copper]: Silkscreen clipped by solder mask
    Local override; warning
    @(1.4200 mm, 3.6250 mm): Rectangle of J1 on f.silkscreen
    @(6.1100 mm, 10.0550 mm): PTH pad 2 [CTRL_5V] of R2
[silk_over_copper]: Silkscreen clipped by solder mask
    Local override; warning
    @(1.4200 mm, 3.6250 mm): Rectangle of J1 on f.silkscreen
    @(6.1100 mm, 4.9750 mm): PTH pad 2 [CTRL_5V] of R1
[silk_over_copper]: Silkscreen clipped by solder mask
    Local override; warning
    @(1.4200 mm, 3.6250 mm): Rectangle of J1 on f.silkscreen
    @(6.1100 mm, 17.6750 mm): PTH pad 1 [A_HOME] of R6
[silk_over_copper]: Silkscreen clipped by solder mask
    Local override; warning
    @(13.7300 mm, 6.2450 mm): Reference field of D1
    @(13.7300 mm, 7.5150 mm): PTH pad 2 [ENA] of D1
[silk_over_copper]: Silkscreen clipped by solder mask
    Local override; warning
    @(13.7300 mm, 6.2450 mm): Reference field of D1
    @(13.7300 mm, 4.9750 mm): PTH pad 1 [LED1_A] of D1
[silk_over_copper]: Silkscreen clipped by solder mask
    Local override; warning
    @(12.8300 mm, 4.0750 mm): Rectangle of D1 on f.silkscreen
    @(13.7300 mm, 4.9750 mm): PTH pad 1 [LED1_A] of D1
[silk_over_copper]: Silkscreen clipped by solder mask
    Local override; warning
    @(12.8300 mm, 5.5250 mm): Segment of D1 on f.silkscreen
    @(13.7300 mm, 4.9750 mm): PTH pad 1 [LED1_A] of D1
[silk_over_copper]: Silkscreen clipped by solder mask
    Local override; warning
    @(12.8300 mm, 4.0750 mm): Rectangle of D1 on f.silkscreen
    @(13.7300 mm, 7.5150 mm): PTH pad 2 [ENA] of D1
[silk_over_copper]: Silkscreen clipped by solder mask
    Local override; warning
    @(13.7300 mm, 11.3250 mm): Reference field of D2
    @(13.7300 mm, 10.0550 mm): PTH pad 1 [LED2_A] of D2
[silk_over_copper]: Silkscreen clipped by solder mask
    Local override; warning
    @(12.8300 mm, 9.1550 mm): Rectangle of D2 on f.silkscreen
    @(13.7300 mm, 10.0550 mm): PTH pad 1 [LED2_A] of D2
[silk_over_copper]: Silkscreen clipped by solder mask
    Local override; warning
    @(12.8300 mm, 10.6050 mm): Segment of D2 on f.silkscreen
    @(13.7300 mm, 10.0550 mm): PTH pad 1 [LED2_A] of D2
[silk_over_copper]: Silkscreen clipped by solder mask
    Local override; warning
    @(7.1600 mm, 4.0750 mm): Rectangle of R1 on f.silkscreen
    @(6.1100 mm, 4.9750 mm): PTH pad 2 [CTRL_5V] of R1
[silk_over_copper]: Silkscreen clipped by solder mask
    Local override; warning
    @(7.1600 mm, 4.0750 mm): Rectangle of R1 on f.silkscreen
    @(11.1900 mm, 4.9750 mm): PTH pad 1 [LED1_A] of R1
[silk_over_copper]: Silkscreen clipped by solder mask
    Local override; warning
    @(7.1600 mm, 9.1550 mm): Rectangle of R2 on f.silkscreen
    @(11.1900 mm, 10.0550 mm): PTH pad 1 [LED2_A] of R2
[silk_over_copper]: Silkscreen clipped by solder mask
    Local override; warning
    @(7.1600 mm, 9.1550 mm): Rectangle of R2 on f.silkscreen
    @(6.1100 mm, 10.0550 mm): PTH pad 2 [CTRL_5V] of R2
[silk_over_copper]: Silkscreen clipped by solder mask
    Local override; warning
    @(13.7300 mm, 11.3250 mm): Reference field of D2
    @(13.7300 mm, 12.5950 mm): PTH pad 2 [AUX0] of D2
[silk_over_copper]: Silkscreen clipped by solder mask
    Local override; warning
    @(12.8300 mm, 9.1550 mm): Rectangle of D2 on f.silkscreen
    @(13.7300 mm, 12.5950 mm): PTH pad 2 [AUX0] of D2
[silk_over_copper]: Silkscreen clipped by solder mask
    Local override; warning
    @(7.1600 mm, 16.7750 mm): Rectangle of R6 on f.silkscreen
    @(6.1100 mm, 17.6750 mm): PTH pad 1 [A_HOME] of R6
[silk_over_copper]: Silkscreen clipped by solder mask
    Local override; warning
    @(7.1600 mm, 16.7750 mm): Rectangle of R6 on f.silkscreen
    @(13.7300 mm, 17.6750 mm): PTH pad 2 [A_HOME_SW] of R6
[silk_over_copper]: Silkscreen clipped by solder mask
    Local override; warning
    @(36.5900 mm, 3.1750 mm): Reference field of J2
    @(37.6200 mm, 1.8000 mm): NPTH pad of H1
[silk_over_copper]: Silkscreen clipped by solder mask
    Local override; warning
    @(36.5900 mm, 3.2250 mm): Circle of J2 on f.silkscreen
    @(37.6200 mm, 1.8000 mm): NPTH pad of H1
[silk_over_copper]: Silkscreen clipped by solder mask
    Local override; warning
    @(34.4400 mm, 3.6250 mm): Rectangle of J2 on f.silkscreen
    @(34.0500 mm, 10.0550 mm): PTH pad 1 [TOOL_3V3] of R4
[silk_over_copper]: Silkscreen clipped by solder mask
    Local override; warning
    @(34.4400 mm, 3.6250 mm): Rectangle of J2 on f.silkscreen
    @(34.0500 mm, 4.9750 mm): PTH pad 1 [TOOL_3V3] of R3
[silk_over_copper]: Silkscreen clipped by solder mask
    Local override; warning
    @(34.4400 mm, 3.6250 mm): Rectangle of J2 on f.silkscreen
    @(34.0500 mm, 15.1350 mm): PTH pad 2 [GP27] of R5
[silk_over_copper]: Silkscreen clipped by solder mask
    Local override; warning
    @(34.4400 mm, 3.6250 mm): Rectangle of J2 on f.silkscreen
    @(34.0500 mm, 17.6750 mm): PTH pad 1 [LED3_A] of D3
[silk_over_copper]: Silkscreen clipped by solder mask
    Local override; warning
    @(27.4800 mm, 14.2350 mm): Rectangle of R5 on f.silkscreen
    @(34.0500 mm, 15.1350 mm): PTH pad 2 [GP27] of R5
[silk_over_copper]: Silkscreen clipped by solder mask
    Local override; warning
    @(27.4800 mm, 16.7750 mm): Rectangle of D3 on f.silkscreen
    @(34.0500 mm, 17.6750 mm): PTH pad 1 [LED3_A] of D3
[silk_over_copper]: Silkscreen clipped by solder mask
    Local override; warning
    @(30.0200 mm, 4.0750 mm): Rectangle of R3 on f.silkscreen
    @(34.0500 mm, 4.9750 mm): PTH pad 1 [TOOL_3V3] of R3
[silk_over_copper]: Silkscreen clipped by solder mask
    Local override; warning
    @(30.0200 mm, 4.0750 mm): Rectangle of R3 on f.silkscreen
    @(28.9700 mm, 4.9750 mm): PTH pad 2 [GP29] of R3
[silk_over_copper]: Silkscreen clipped by solder mask
    Local override; warning
    @(27.7000 mm, 10.0550 mm): Reference field of C2
    @(26.4300 mm, 10.0550 mm): PTH pad 1 [GP28] of C2
[silk_over_copper]: Silkscreen clipped by solder mask
    Local override; warning
    @(25.1800 mm, 9.1550 mm): Rectangle of C2 on f.silkscreen
    @(26.4300 mm, 10.0550 mm): PTH pad 1 [GP28] of C2
[silk_over_copper]: Silkscreen clipped by solder mask
    Local override; warning
    @(25.1800 mm, 9.1550 mm): Rectangle of C2 on f.silkscreen
    @(26.4300 mm, 12.5950 mm): PTH pad 2 [TOOL_GND] of C2
[silk_over_copper]: Silkscreen clipped by solder mask
    Local override; warning
    @(27.7000 mm, 10.0550 mm): Reference field of C2
    @(28.9700 mm, 10.0550 mm): PTH pad 2 [GP28] of R4
[silk_over_copper]: Silkscreen clipped by solder mask
    Local override; warning
    @(30.0200 mm, 9.1550 mm): Rectangle of R4 on f.silkscreen
    @(28.9700 mm, 10.0550 mm): PTH pad 2 [GP28] of R4
[silk_over_copper]: Silkscreen clipped by solder mask
    Local override; warning
    @(30.0200 mm, 9.1550 mm): Rectangle of R4 on f.silkscreen
    @(34.0500 mm, 10.0550 mm): PTH pad 1 [TOOL_3V3] of R4
[silk_over_copper]: Silkscreen clipped by solder mask
    Local override; warning
    @(25.1800 mm, 4.0750 mm): Rectangle of C1 on f.silkscreen
    @(26.4300 mm, 4.9750 mm): PTH pad 1 [GP29] of C1
[silk_over_copper]: Silkscreen clipped by solder mask
    Local override; warning
    @(25.1800 mm, 4.0750 mm): Rectangle of C1 on f.silkscreen
    @(26.4300 mm, 7.5150 mm): PTH pad 2 [TOOL_GND] of C1
[silk_over_copper]: Silkscreen clipped by solder mask
    Local override; warning
    @(27.4800 mm, 14.2350 mm): Rectangle of R5 on f.silkscreen
    @(26.4300 mm, 15.1350 mm): PTH pad 1 [LED3_A] of R5
[silk_over_copper]: Silkscreen clipped by solder mask
    Local override; warning
    @(27.4800 mm, 16.7750 mm): Rectangle of D3 on f.silkscreen
    @(26.4300 mm, 17.6750 mm): PTH pad 2 [TOOL_GND] of D3

** Found 0 unconnected pads **

** Found 0 Footprint errors **

** Ignored checks **
    - Footprint has no courtyard defined
    - Track endpoint not centered on via
    - Tuning profile track geometries
    - Footprint doesn't match symbol's footprint filters
    - PTH inside courtyard
    - NPTH inside courtyard
    - Footprint component type doesn't match footprint pads

** End of Report **
